src/search/search.service.ts(146,13): error TS2353: Object literal may only specify known properties, and 'what3words' does not exist in type '{ total: number; page: number; limit: number; totalPages: number; }'.
src/search/search.service.ts(163,11): error TS2353: Object literal may only specify known properties, and 'what3words' does not exist in type '{ total: number; page: number; limit: number; totalPages: number; }'.
src/search/search.service.ts(213,17): error TS2353: Object literal may only specify known properties, and 'coordinates' does not exist in type '{ total: number; page: number; limit: number; totalPages: number; }'.
src/search/search.service.ts(226,9): error TS2353: Object literal may only specify known properties, and 'coordinates' does not exist in type '{ total: number; page: number; limit: number; totalPages: number; }'.
src/verification/email/verification.service.spec.ts(97,36): error TS2554: Expected 2 arguments, but got 1.
src/verification/email/verification.service.spec.ts(111,28): error TS2554: Expected 2 arguments, but got 1.
src/verification/email/verification.service.spec.ts(125,28): error TS2554: Expected 2 arguments, but got 1.
src/verification/email/verification.service.spec.ts(144,28): error TS2554: Expected 2 arguments, but got 1.
src/verification/email/verification.service.spec.ts(156,21): error TS2554: Expected 2 arguments, but got 1.
src/verification/email/verification.service.spec.ts(182,36): error TS2554: Expected 3 arguments, but got 2.
src/verification/email/verification.service.spec.ts(196,28): error TS2554: Expected 3 arguments, but got 2.
src/verification/email/verification.service.spec.ts(211,17): error TS2554: Expected 3 arguments, but got 2.
src/verification/email/verification.service.spec.ts(223,17): error TS2554: Expected 3 arguments, but got 2.
src/verification/email/verification.service.spec.ts(242,17): error TS2554: Expected 3 arguments, but got 2.
src/verification/email/verification.service.spec.ts(263,17): error TS2554: Expected 3 arguments, but got 2.
src/verification/email/verification.service.spec.ts(283,21): error TS2554: Expected 3 arguments, but got 2.
src/verification/taxi/verification.controller.spec.ts(3,10): error TS2724: '"./verification.controller"' has no exported member named 'DriverVerificationController'. Did you mean 'TaxiVerificationController'?
src/verification/taxi/verification.controller.spec.ts(4,10): error TS2724: '"./verification.service"' has no exported member named 'DriverVerificationService'. Did you mean 'TaxiVerificationService'?
src/verification/taxi/verification.service.spec.ts(4,10): error TS2724: '"./verification.service"' has no exported member named 'DriverVerificationService'. Did you mean 'TaxiVerificationService'?
src/verification/taxi/verification.service.spec.ts(9,10): error TS2305: Module '"../../schemas/taxi.schema"' has no exported member 'DriverVerification'.
