src/search/search.service.ts(148,13): error TS2353: Object literal may only specify known properties, and 'country' does not exist in type '{ total?: number | undefined; page?: number | undefined; limit?: number | undefined; totalPages?: number | undefined; what3words?: string | undefined; nearestPlace?: string | undefined; coordinates?: { ...; } | undefined; }'.
src/search/search.service.ts(165,11): error TS2353: Object literal may only specify known properties, and 'country' does not exist in type '{ total?: number | undefined; page?: number | undefined; limit?: number | undefined; totalPages?: number | undefined; what3words?: string | undefined; nearestPlace?: string | undefined; coordinates?: { ...; } | undefined; }'.
